__class__
__delattr__
__dict__
__dir__
__doc__
__eq__
__format__
__ge__
__getattribute__
__getstate__
__gt__
__hash__
__init__
__init_subclass__
__le__
__lt__
__module__
__ne__
__new__
__reduce__
__reduce_ex__
__repr__
__setattr__
__sizeof__
__str__
__subclasshook__
__weakref__
add
addDiscreteEntity
addPhysicalGroup
add_discrete_entity
add_physical_group
geo
getAdjacencies
getAttribute
getAttributeNames
getBoundary
getBoundingBox
getClosestPoint
getColor
getCurrent
getCurvature
getDerivative
getDimension
getEntities
getEntitiesForPhysicalGroup
getEntitiesForPhysicalName
getEntitiesInBoundingBox
getEntityName
getFileName
getNormal
getNumberOfPartitions
getParametrization
getParametrizationBounds
getParent
getPartitions
getPhysicalGroups
getPhysicalGroupsForEntity
getPhysicalName
getPrincipalCurvatures
getSecondDerivative
getType
getValue
getVisibility
get_adjacencies
get_attribute
get_attribute_names
get_boundary
get_bounding_box
get_closest_point
get_color
get_current
get_curvature
get_derivative
get_dimension
get_entities
get_entities_for_physical_group
get_entities_for_physical_name
get_entities_in_bounding_box
get_entity_name
get_file_name
get_normal
get_number_of_partitions
get_parametrization
get_parametrization_bounds
get_parent
get_partitions
get_physical_groups
get_physical_groups_for_entity
get_physical_name
get_principal_curvatures
get_second_derivative
get_type
get_value
get_visibility
isInside
is_inside
list
mesh
occ
remove
removeAttribute
removeEntities
removeEntityName
removePhysicalGroups
removePhysicalName
remove_attribute
remove_entities
remove_entity_name
remove_physical_groups
remove_physical_name
reparametrizeOnSurface
reparametrize_on_surface
setAttribute
setColor
setCoordinates
setCurrent
setEntityName
setFileName
setPhysicalName
setTag
setVisibility
setVisibilityPerWindow
set_attribute
set_color
set_coordinates
set_current
set_entity_name
set_file_name
set_physical_name
set_tag
set_visibility
set_visibility_per_window
__class__
__delattr__
__dict__
__dir__
__doc__
__eq__
__format__
__ge__
__getattribute__
__getstate__
__gt__
__hash__
__init__
__init_subclass__
__le__
__lt__
__module__
__ne__
__new__
__reduce__
__reduce_ex__
__repr__
__setattr__
__sizeof__
__str__
__subclasshook__
__weakref__
addEdges
addElements
addElementsByType
addFaces
addHomologyRequest
addNodes
add_edges
add_elements
add_elements_by_type
add_faces
add_homology_request
add_nodes
affineTransform
affine_transform
classifySurfaces
classify_surfaces
clear
clearHomologyRequests
clear_homology_requests
computeCrossField
computeHomology
computeRenumbering
compute_cross_field
compute_homology
compute_renumbering
createEdges
createFaces
createGeometry
createTopology
create_edges
create_faces
create_geometry
create_topology
embed
field
generate
getAllEdges
getAllFaces
getBarycenters
getBasisFunctions
getBasisFunctionsOrientation
getBasisFunctionsOrientationForElement
getDuplicateNodes
getEdges
getElement
getElementByCoordinates
getElementEdgeNodes
getElementFaceNodes
getElementProperties
getElementQualities
getElementType
getElementTypes
getElements
getElementsByCoordinates
getElementsByType
getEmbedded
getFaces
getGhostElements
getIntegrationPoints
getJacobian
getJacobians
getKeys
getKeysForElement
getKeysInformation
getLastEntityError
getLastNodeError
getLocalCoordinatesInElement
getMaxElementTag
getMaxNodeTag
getNode
getNodes
getNodesByElementType
getNodesForPhysicalGroup
getNumberOfKeys
getNumberOfOrientations
getPeriodic
getPeriodicKeys
getPeriodicNodes
getSizes
getVisibility
get_all_edges
get_all_faces
get_barycenters
get_basis_functions
get_basis_functions_orientation
get_basis_functions_orientation_for_element
get_duplicate_nodes
get_edges
get_element
get_element_by_coordinates
get_element_edge_nodes
get_element_face_nodes
get_element_properties
get_element_qualities
get_element_type
get_element_types
get_elements
get_elements_by_coordinates
get_elements_by_type
get_embedded
get_faces
get_ghost_elements
get_integration_points
get_jacobian
get_jacobians
get_keys
get_keys_for_element
get_keys_information
get_last_entity_error
get_last_node_error
get_local_coordinates_in_element
get_max_element_tag
get_max_node_tag
get_node
get_nodes
get_nodes_by_element_type
get_nodes_for_physical_group
get_number_of_keys
get_number_of_orientations
get_periodic
get_periodic_keys
get_periodic_nodes
get_sizes
get_visibility
importStl
import_stl
optimize
partition
rebuildElementCache
rebuildNodeCache
rebuild_element_cache
rebuild_node_cache
reclassifyNodes
reclassify_nodes
recombine
refine
relocateNodes
relocate_nodes
removeConstraints
removeDuplicateElements
removeDuplicateNodes
removeEmbedded
removeSizeCallback
remove_constraints
remove_duplicate_elements
remove_duplicate_nodes
remove_embedded
remove_size_callback
renumberElements
renumberNodes
renumber_elements
renumber_nodes
reorderElements
reorder_elements
reverse
reverseElements
reverse_elements
setAlgorithm
setCompound
setNode
setOrder
setOutwardOrientation
setPeriodic
setRecombine
setReverse
setSize
setSizeAtParametricPoints
setSizeCallback
setSizeFromBoundary
setSmoothing
setTransfiniteAutomatic
setTransfiniteCurve
setTransfiniteSurface
setTransfiniteVolume
setVisibility
set_algorithm
set_compound
set_node
set_order
set_outward_orientation
set_periodic
set_recombine
set_reverse
set_size
set_size_at_parametric_points
set_size_callback
set_size_from_boundary
set_smoothing
set_transfinite_automatic
set_transfinite_curve
set_transfinite_surface
set_transfinite_volume
set_visibility
splitQuadrangles
split_quadrangles
tetrahedralize
triangulate
unpartition
